200
200
########################################################################################################################################################################################################
####..##########...###############################...############################################################################################################################....###################
###.......#####.....#############################.....#####..#####################################################..###############################...##......##################......##################
###........####......############################......###....########..################...######################....###########################...............###############..........################
####.......####......############################................####....##############........#################.....##########################................##############............###############
####.......####.......########..##################................##.....##############.........####....########......#########################.................############..............##############
#####.......##...........##......########..#######.......................##############..........##......##..##........#################...###...................###########..................##########
#####...............mmmm.........#######....#######......................##############.................................##############............##..............#########....................#########
#####..........mmmmmmwwmm.........######.....######.............mmmm......############........mmmmm.....................#############............####..............#######......................########
#####.........mmwwwmwwwwmm.........#####.....#######............mwwm.......######............mmwwwm.....................#############............####..............######.........................######
######........mww~www~~wwmm.........#####...#########...........mwwm.......#####.............mww~wm..........mmmm.......########..##............#####..............######..........................#####
#######........mw~~~~~~~wwm..........################............mmm.......#####..............mwwwm..........mwwm.......#######................######..............#######...........mmmm.##.......#####
#######........mw~~~~~~~~wmm.........###############........................####...............mwmm..........mwwm........######................######..............########..........mwwm####......#####
#######.........mw~~~~~~~wwm.........###############.........................###................mm............mmm...mmmm.######.................######.............########..........mwwm####......#####
#######..........mw~~~~~~~wm.........##############..........................####...................................mwwm.######..................######.............#######...........mm######.....#####
########..........mwwwwwwwwm..........#######..####..........................####.............mmmm..................mwwm..#####...................#####..............######..........#########.....#####
########...........mmmmmmmmm..........######....####..........................##..............mwwm...................mmm..######...................####...............#####.........##########....######
########...............................####.....#####......###................................mwwm.......................#######...................###................#####.........#########.....######
#######.........................................######....#####................................mmm.........mmmmm.....############....mmmm.........####................####..........######.........#####
######...mmmmm.............##..................########..#######...........................................mwwwm....#############....mwwm.......######................####..........#####............###
######...mwwwmmm..........####.......mmmm......##################..........................................mw~wm....##############...mwwm......########................####.........#####.............##
#####....mw~wwwmm.........####.......mwwmm.....##################..........................................mwwwm....##############....mmm......#########...............########......###..............##
####.....mw~~~wwm.........####.......mwwwmm.....#################..........................................mwwmm....##############..............########................########......................##
###.......mw~~~wm.........#####......mw~wwmm.....######..#######............................................mmm......#############...............######..................########.....................##
###........mw~~wmm........#####..mmmm.mw~wwmm.....####....#####.......................................................############................##.......................######.....................##
###........mw~~wwm........####...mwwm..mw~wwm.....####......##........................................................#############.........................................####.......................#
####.......mw~~~wm.........##....mwwm.mmw~~wm......##.................................................................##############.......................................mmmm........................#
####........mw~~wm................mmmmmww~~wm.........................................................................##############.......................................mwwm.......................##
###.........mw~~wm...................mww~~~wm........................................................................##############........................................mwwm.......................##
##...........mwwwm....................mwwwwwm...mmmmmmmm.............................................................####..########.........................................mmm.......................##
##............mwmm.....................mmmmmm...mwwwwwwmm.............................................................##....######.........mmmm......................................................###
###............mm...............................mw~~~~wwm....................................................................#####........mmwwm......................mmmm............................###
####............................................mw~~~~~wm.............................................................mmmm....####........mwwwm......................mwwmm..........................####
####........mmmm.................................mw~~~~#m.............................................................mwwm.....##....mmmm.mw~wmm.....................mwwwmm.........................####
###........mmwwmm................................mw~~~###.............................................###.............mwwm..........mmwwm.mw~wwm.....................mw~wwmmmmmm.....................###
###........mwwwwm.mmmm...........................mw~~~###............................................#####............mwwmmmm.......mwwwmm.mw~wm.....................mw~~wwmmwwmm.....................##
###........mw~~wmmmwwm...........................mw~~~###............................................######............mmwwwm.......mw~wwm..mwwm.....................mw~~~wwwwwwmm....................##
####........mwwwmmwwwm............................mwww####..................##.....................mmm######...........mmw~wmm......mw~~wmm..mmm##...............mmmmmmw~~~~~~~wwm....................##
####.........mmmmmw~wm.............................mmm####.................####...................mmwwm#####...........mww~wwmm.....mw~~wwm....####..............mwwwwww~~~~~~~~wm....................##
####...........mmwwwwm..............mmmm.............####.............mmm..####...................mwwwm.###............mw~~~wwm......mw~~wm...#####..............mw~~~~~~~~~~~~wwm....................##
####...........mwwwwmm.............mmwwm............#####...........mmmwm...##.......mmmm.........mw~wm................mw~~~~wm.......mwwwm...#####..............mw~~~~~~~~~~~wwmm.....##..............#
####...........mwwwmm...mmmm.......mwwwm...........######..........mmwwwm............mwwmm........mw~wmm................mw~~~wm........mwmm....####..............mw~~~~~~~~~~wwmm.....####.............#
####...........mwwmm....mwwmmmm.....mwmm...........#####...........mww~wm............mwwwmm.......mw~wwmm..............##mw~~wmm........mm......##................mw~~~~~~~~wwmm......####.............#
####............mmm.....mwwwwwm......mm.............###............mw~~wm.............mwwwm.......mw~~wwm.............####mw~wwm..................................mw~~~~~~~wwmm........##.............##
####.....................mw~~wm.....................................mwwwm..............mwwm.......mw~~wwm............#####mw~~wm.......##..........................mw~~~~~wwmm........................##
####.......###............mwwwm......................................mmmm...............mmm.......mw~~wmm............#####mw~~wm......####.......mmmmmmm...........mw~~~~wwmm.........................##
####......#####............mwmm...........................mmmm....................................mw~~wmm............#####mw~~wm......####.......mwwwwwmm...........mwwwwwmm..........................##
####......#####.............mm............................mwwm....................................mw~~wwm.mmmm........####.mw~wm......####.......mw~~~wwmm...........mmmmmm...........................##
#####.....####............................................mwwm................................###..mw~~wm.mwwm........#####.mwwm.......##........mw~~~~wwm...........................................###
######.....##.........mmmmm................###.............mmm...............................#####..mwwwm.mwwm.........#####.mmm.................mw~~~~~wmm.........................................####
######...............mmwwwmm..............#####..............................................#####...mmmm..mmm..........####......................mw~~~~wwm...mmm...................................####
#####................mww~wwm..............#####..............................................#####............mmmm.......##.......................mw~~~~~wm..mmwmmm..........mmmm...................####
#####.................mw~~wm...............#####..............................................#####...........mwwm................................mw~~~~~wm..mwwwwmm.........mwwm....................###
#####.................mw~~wm................######......................................mmmm....########......mwwm.................................mw~~~~wmm.mw~~wwm.........mwwm.....................##
####..................mw~wwm.................######....................................mmwwm.....#########.....mmm..................................mw~~~wwmm.mw~~wmm.........mmm.....................##
####..................mwwwmm..................######...............................mmmmmwwwm......#########.......................##.................mw~~~wwmm.mw~wwmmm................................#
####...................mwmm..mmmmm.............#####...............................mwwmmw~wm........########.....................####.................mw~~~wwmmmw~~wwwmm...............................#
####....................mm...mwwwmm..............##................................mwwm.mwwm.........########....................####..................mw~~~wwmmw~~~~wwmm...............##............##
####.........................mw~wwm.................................................mmm..mmm..........#######.....................##....................mw~~~wmmmw~~~~wwmm.............######.........##
#####........................mw~~wmm...................................................................#####.......mmmm..................................mw~~wwmmw~~~~~wwmm............#######........##
########.........###.........mw~~wwm..............................................................................mmwwm...................................mw~~wmmw~~~~~~wwm.............#######.......##
#########....########........mw~~~wm..............................................................................mwwwmm...................................mwwwmmw~~~~~wwmm..............######.mmmm..##
##########..#########........mw~~wwm................................................mmmm..........................mw~wwm....................................mmmm.mw~~~wwmm................#####.mwwm..##
#####################.........mwwwmm...............................mmmm............mmwwm..........................mw~~wm..........................................mw~wwmm.................#####.mwwm..##
######################.........mwmm..........##....................mwwm............mwwwm..........................mw~~wm...........................................mwwmm.............mmmmm#####..mmm..##
######################..........##..........####...................mwwm............mw~wm......mmmm................mw~~wmm................................mmmm..mmmm.mmm..............mwwwmm###........##
#######################........####.........####...........mmmm.....mmm.............mwwm.....mmwwmm................mw~wwmm...............................mwwm..mwwmm.................mw~wwmm..........##
#######################........####mmmm......##............mwwm......................mmm....mmwwwwmm................mw~wwm...............##..............mwwm..mwwwmm................mw~~wwmm..........#
######################.........####mwwm....................mwwm............................mmww~~wwm.......##.......mw~wwm..............#####.............mmm...mwwwm................mw~~~wwm..........#
###################............####mwwm.....................mmm...........................mmww~~~~wm......####......mwwwmm..............######...................mwwm................mw~~~~wm..........#
##################.............####mwwmm..................................................mww~~~~~wm......####......mwwmm.......##......#######...................mmm................mw~~~~wm...mmmmm.##
#################...............####wwwmm.................................................mw~~~~~~wm.......##........mmm.......####......######.......................................mw~~~wm...mwwwmm##
###############..................###w~wwm..................................................mw~~~~wwm...........................####........###.............###.........................mw~wwm...mw~wwm##
##############....................##mw~wm...................................................mw~~wwmm............................##........................######........................mwwmm....mwwwm##
####..#######.....................###mwwm...................................................mw~wwmm.......................................................#######........................mmm......mmmm##
###....######.....................####mmm....................................................mwwmm...........................mmmm.........................#######.....................................##
##......#####.....................####..........mmmm...mmmm...................................mmm...........................mmwwmm.........................######....................................###
##......####.......................###..........mwwm...mwwmm...............................................................mmwwwwmm.........................####...................................mm###
##.......##........................####.........mwwm...mwwwm...............................................................mww~~wwm........mmmm....................................................mww##
##.................................#####.........mmm....mwwm.................mmmmm.....mmmmm...............................mw~~~~wm........mwwm....................................................mw~##
##..................................#####................mmm.................mwwwmm...mmwwwm...................mmmm........mw~~~~wm.......mmwwm.....................................................m###
##..................................#####....................................mw~wwmm..mww~wm...................mwwm........mw~~~~wm.......mwwwm.....................................................####
###.................................#####..............................###...mw~~wwm..mw~~wm...................mwwm........mw~~~wwm..mmmm.mw~wmm.......................................mmmm........#####
###...............###................####.............................#####..mw~~~wm..mw~~wm....................mmm.........mwwwwmm..mwwmmmw~wwm.......................................mwwm........#####
###..............#####....mmmmm.......##............mmm...............#####...mw~wwm...mw~wm.................................mmmmm...mwwwmww~~wm.......................................mwwm.........####
####.............######..mmwwwmm...................mmwmm..............#####....mwwmm....mwwm.........................................mw~www~~~wm.............mmmm......................mwwm..........###
####........##..#######..mww~wwm...................mwwwmmm.............####.....mmm......mmm.........................................mw~~~~~~~wm............mmwwmm......................mmm...........##
####.......###########...mw~~~wm...................mw~wwwmm.............##........................................................##.mw~~~~~~~wm............mwwwwmm.........................mmmm......##
####.......##########mmmm.mw~~wm....................mw~~wwmm.....................................................................####mw~~~~~~~wm............mw~~wwm....mmmmmm..............mmwwm.......#
####.......##########mwwmm.mwwwm....mmmmm............mw~~wwmm.........................................mmmmm......................#####mw~~~~~~wm......mmmm...mw~wwm...mmwwwwm..............mwwwmm......#
####........########.mwwwm..mmmm....mwwwmmmmmmm......mw~~~wwmm......................................mmmwwwm.......................####.mwww~~~wm......mwwm....mwwmm...mww~~wmm.............mw~wwmm.....#
####.........####.....mwwm..........mwwwmmwwwwm......mw~~~~wwm......................................mwwwwwm........................##...mmmw~~wmm.....mwwm.....mmm...mmw~~~wwm.............mw~~wwm.....#
####...................mmm...........mwmmmw~~wm......mw~~~~~wmm.....................................mwwwwmm...............................mw~~wwmm.....mmm..........mmww~~~~wm..............mw~~wm.....#
####..................................mm..mwwwm.......mw~~~~wwm......................................mmmmm............##..................mw~~~wwmm.................mww~~~~~wm...............mwwwm.....#
###......mmm...............................mmmm........mww~~~wm......................................................####.................mw~~~~wwmm................mw~~~~~wwm................mmmm....##
##......mmwmm..........................................##mw~~wm.....................................................######.................mw~~~~wwmm...............mw~~~~~wmm.....................#####
##......mwwwmm........................................####mw~wm............##......................................#######..................mww~~~wwmm...............mw~~~~wm.....................######
##.......mwwwmm......................................######mwwm...........####....................................#########..................mmwwwwwwmm..............mw~~~~wmm......mmmmm........#######
##.......mw~wwm.....................................#######.mmm...........####...........................mmmm.....##########...................mmmmwwwm..............mw~~~~wwm......mwwwmm.......#######
##.......mw~~wm.....................................######................####...........................mwwmm.....#########......................mw~wm...............mw~~~~wm......mw~wwmm.......######
##........mw~wm.....................................#####..................##............................mwwwmmm....#######......................mmw~wm................mww~~wm.......mw~wwmm.......#####
##.........mwwm.....................................####....................mmmm..........................mwwwwmm....#####.......................mww~wm.................mmwwwm........mw~wwmm.........##
##.......##.mmm.....................................####....mmmmm...........mwwmm.........................mw~~wwmm...#####............mmmmmmmm...mw~~wm...................mmmm........mw~~wwmm.........#
##....######.......................................######...mwwwmm....mmm..mmwwwm.........................mw~~~wwmm..#####...........mmwwwwwwmm...mw~wmm...............................mw~~wwm.........#
##...########......................................######...mw~wwmm..mmwmmmmww~wm.........................mw~~~~wwm..######.........mmww~~~~wwmm..mw~wwm...............................mw~~~wm.........#
##...########......................................######....mw~wwm..mwwwmmww~~wm.........................mw~~~~~wm...#####.........mww~~~~~~wwm...mwwwm...............................mw~~~wm.........#
###...#######.....................................#######.....mwwwm..mw~wwww~~~wm.....mmmm...........mmmm.mw~~~~~wm....###..........mw~~~~~~~~wm....mwmm................................mwwwwm........##
###....######.....................................########.....mmmm..mw~~~~~~~~wmm....mwwm...........mwwmmmw~~~~~wm..................mw~~~~~~wwm.....mm.................mmmm.............mmmmm.......###
###.....#####.....................................########............mwwwww~~~wwm....mwwm...........mwwmmww~~~~~wm...................####~~wwmm.mmmm..................mmwwm.........................###
####....#####.............mmmm....................########.............mmmmmw~~wwm.....mmm............mmmmw~~~~~~wm..................######wwmm.mmwwm..............mmmmmwwwm.........................###
####....####.............mmwwmm...................########..................mwwwmm.......................mw~~~~~wwm..................#######mm..mwwwm..............mwwwww~wm..........................##
####....####.............mwwwwmm..................########...................mmmm........................mw~~~~wwmm..................########....mwmm..............mw~~~~~wm..........................##
#####....##..............mw~~wwm..................#######.................................................mw~~~wmm....................#######.....mm...............mw~~~~~wm...........................#
#####....................mw~~~wm...................######..................................................mw~~wmm.....................#######......................mw~~~~wm...........................#
####......................mw~~wm....................#####..................................................mw~~wwm......................######.......................mwwwwwm.......................mmmm#
###.......................mw~~wm.....................####...................................................mw~~wm.......................####.........................mmmmmm.......................mwwm#
###......................mmw~~wm......................##.....................................................mwwwm.....mmmm...............##.......................................................mww##
###......................mww~~wm..............................................................................mmmm.....mwwm......###................................................................mm##
###............mmmm......mw~~wwm.......................................................................................mwwm.....#####mmm..............................................................##
###...........mmwwm.......mwwwmm........................................................................................mmm.....#####wwm.............................................................###
##............mwwwm........mmmm.................................................................................................#####wwm.............................................................###
##............mw~wm..................................................................##.........................................#####mmm..............................................................##
##............mw~wm...........................................mmmm..................####.............................mmm.........###....................................................mmmm..........##
##............mwwwm...........................................mwwmm.................#####............................mwm................................................................mwwm##........##
##.......mmmm..mmmm...........................................mwwwmmm................#####............................mm................................................................mww####........#
###....##mwwm..................................................mwwwwmm................########...........................................................................................mm#####.......#
####..####wwm.............##....................................mw~wwmm................########.......................mmmm................................................................######......##
####..####mmm............####...................................mw~~wwmm...................#####...mmmmmm............mmwwm................................................................#####.......##
###...####...............####....................................mw~~wwmm...................####..mmwwwwmm...........mwwwm.....................................##......mmmmm..............#####.......##
##.....####...............####....................................mw~~wwm...................####..mww~~wwm...........mw~wmm...................................#####....mwwwmm..............###........##
##.....####...............####.....................................mw~wwm....................##...mw~~~~wm..........mmw~wwm..................................########..mw~wwm..........................#
##....####................####......................................mwwmm..........................mwwwwwm..........mww~~wm..................................#########..mw~wm..........................#
###..####............mmmm.####.......................................mmm............................mmmmmm..........mw~~wwm...................................###############............mmmm..........#
#########............mwwmm.##...................................mmmm........................mmmm.....................mwwwmm....................................##############mmmm.......mmwwmm.........#
##########...........mwwwm..........mmmmmm.....................mmwwm.......................mmwwmmm....................mmmm......................................############mwwwmm.....mmwwwwmm........#
###########..........mwwwm..........mwwwwm.....................mwwwm.......................mwwwwwmm.............................mmmm..................................###..mww~wwmm....mww~~wwmm......##
###########...........mmmm......mmmmmwwwwm......................mwwm......................mmw~~~wwm............................mmwwm.......................................mw~~~wwm....mw~~~~wwm......##
###########.....................mwwm.mmmmm........######.........##m.....................mmww~~~~wm................mmmm........mwwwm........................................mw~~wwm....mw~~~~~wm......##
###########.....................mwwm.............#########......####....................mmww~~~~~wm...............mmwwm........mwwmm.........................................mwwwmm....mw~~~~wwm.......#
###########......................mmm.............##########.mmmm####....................mww~~~~~~wm...............mwwwm.........mmm..mmmm.....................................mmmm.....mw~~~wwmm.......#
###########......................................###########mwwm.##.....................mw~~~~~~~wm...............mw~wm..............mwwm..............................................mw~~~wmm........#
###########......................................###########mwwm.........................mw~~~~~~wm................mwwm.............mmwwm..............................................mw~~~wm.........#
###########...................#######...mmmm.....###########.mmm....mmmm.................mw~~~~~~wm.................mmm.............mwwwm......................mmmmm...................mw~~wwm.........#
############.................#########..mwwm......##..######........mwwm..................mw~~~~~wm.................................mw~wm......................mwwwm....................mwwwmm.........#
#############................#########..mwwm...........#####........mwwm...................mwwwwwwm..................................mwwm......................mwwwm.....................mmmm..........#
#############.................########...mmm............###.........mwwm....................mmmmmmm...................................mmm.......................mwmm..................................##
########..##...................#######..............................mwwm.........................................................................................mm...................................##
#######.........................######........................mmmm...mmm.............................................................................###..............................................##
#######..........................####.........................mwwmm.............mmmm......................##........................................#####..............................................#
########......................................................mwwwmm............mwwm.....................####..................mmmm................######..............................................#
#########.....................................................mw~wwmm...........mwwm....................#####..................mwwmm...............######.............................mmmm............##
#########......................................................mw~wwm............mmm...................#####...................mwwwmm...............######............................mwwmmm..........##
########.......................................................mw~~wm............................###########...................mw~wwm................#######..........................mwwwwmm.........##
#####...........................................................mw~wm...........................############.....mmmm..........mw~~wm.................#########.......................mw~~wwmmmm......##
####...........mmmm..............................................mwwm...........................############....mmwwmm.........mw~~wm..................#########.......................mw~~wwwwmm.....##
##.............mwwm...............................................mmm............................##...#######...mwwwwmm.........mwwwm...................#########.......................mw~~~~wwm....###
#.........mmmm.mwwm.................................................................##.................#######...mw~wwmm.........mwmm....................#########.......................mw~~~~wmm...###
#.........mwwm.mww##......mmmm.....................................................####.................#######...mwwwwmm.........mm......................########........................mwww~wwm...###
#.........mwwm..m####.....mwwmm...................................................#####..................########..mmwwwmm................................########.........##..............mmmwwwm....##
##.........mmm..#####.....mwwwmm....................mmmm..........................#####...................########..mw~wwm.................................########.......####................mmmm....##
###............######.....mw~wwmm..................mmwwm..........................######..................#########mmw~~wmm.........................mmmm......######......#####........................#
####...........#######....mw~~wwm..................mwwwm...........................######..###.............########mww~~wwmm........................mwwm.......######......#####.......................#
######.........########...mw~~~wmm..................mwmm.............................##########..............######ww~~~~wwm...................mmmm.mwwm........######.....#####.....mmmm..............#
#######........#########..mw~~~wwm...................mm..mmmm.........................#########.................##mw~~~~~~wm...................mwwmm.mmm.........######....#####.....mwwm..............#
#######.........#########..mw~~~wm.......................mwwm.......##.................########....................mw~~~~~wm...................mwwwmm............#######..######.....mwwm..............#
#######..........########...mwwwwm.......................mwwm......####.................#######.....................mw~~~~wm...................mw~wwm............###############.....mwwm..............#
########..........########...mmmmm........................mmm......####.................#######......................mw~~~wm.mmmm..............mw~~wmm..........#################.....mmm..............#
#########.........#########........................................####..................######.......................mw~wwm.mwwmm..............mw~wwmm........##################......................#
#########.........#########.........................................##.....................#####.......................mwwmm.mwwwm...............mw~wwm........##################......................#
###..####.........########..................................................................#####.......................mmm...mwwm................mwwwm.........#################......................#
##....##..........#####.................................mmmmm.............##.................#####.............................mmm.................mwmm.........##################..................mmm#
##................####.................................mmwwwm..mmmm......####.................#####mmmm.............................................mm...........#################..................mww#
##.................##..................................mww~wm..mwwmm.....####..................####mwwm...........................................................################............mmmmm.mww#
##.....................................................mw~~wm..mwwwmm.....##....................##.mwwm######......................................................###############.....mmmm..mmwwwmm.mm#
##.....................................................mw~~wmm.mw~wwm...............................mm########.......................................................#############....mmwwmm.mww~wwm..##
##.....................................................mw~~wwm..mw~wm..mmmm...........................#########.......................................................############....mwwwwmmmw~~~wm.###
##......................................................mw~~wm...mwwm.mmwwm............................#########....................................mmmmmmm.............##########.....mwwwmmww~~~wm####
##.....##...............................................mw~wwm....mmm.mwwwm.mmmm.........................#######....................................mwwwwwmm.............########.......mmmmww~~~~wm####
##....####..............................................mwwwmm.........mwwm.mwwm..........................#######...................................mww~~wwm...............######......mmm.mw~~~~~wwm###
###...####mmm...........................mmmmm............mwmm...........mmm.mwwm.....................mmmm..#######...................................mmwwwmm.............mmm#####.....mmwmmmw~~~~~~wm###
###....##mwwmm.........................mmwwwmm............mm.................m##.....................mwwm...#######....................................mmmm..............mwwm#####....mwwwwww~~~~~~ww###
###.....mwwwwm.........................mww~wwm...........................mmm.####....................mwwm.....#####......................................................mwwm######....mw~~~~~~~~~~~wm##
###......mwwmm..........................mwwwmm..........................mmwm######...................mwwm......####..................mmmm.................................mmm.#####....mw~~~~~~~~~~wwm##
###.......mmm............................mmmm...................mmmmm...mwww######....................mmm......####..................mwwmm....................................####......mw~~~~~~~~~wmm##
##..............................................................mwwwm....mwwm####..............................#####.................mwwwm.....................................##.......mw~~~~~~~~~wm..#
##.............................................................mmwwwm.....mmm..................................#####..................mwwm..............................................mw~~~~~~~~~wmm.#
##...................................................mmm......mmwwwmm....................................mmmm...###....................mmm............mmmmm.............................mw~~~~~~~~~wwm.#
#...................................................mmwmm....mmwwwmm.....................................mwwm.........................................mwwwmm.............................mw~~~~~~~~~wmm#
#..............................mmmm.................mwwwm...mmww~wm......................................mwwm.........................................mwwwwmm.....................mmmm...mw~~~~~~~~~wwm#
#.........................mmmm.mwwmm................mwwwm...mww~wwm.......................................mmm..........................................mmwwwmm...................mmwwmm...mw~~~~~~~~~wm#
#........................mmwwm.mwwwmm................mmmm...mw~wwmm...........................................mmmm................................mmmm...mwwwm...................mwwwwm....mw~~~~~~~~wm#
#........................mwwwm.mw~wwm...##...................mwwmm............................................mwwm..............mmmmm.............mwwmm..mw~wm...................mw~wwm....mw~~~~~~~~w##
##........................mwmm..mw~wm..####...................mmm.............................................mwwm..............mwwwm.............mwwwm...mwwm......##......mmmmm.mwwmm....mw~~~~~~~~~##
###........................mm....mwwm.#####....................................................................mmmmmmm..........mw~wm.............mw~wm....mmm.....####.....mwwwm..mmm.....mw~~~~~~~~~~#
###########.......................mmm#######.......................mmmm...........................................mwwm..........mw~wm.............mwwwm...........######....mwwwm..........mw~~~~~~~~~~#
############........mmmm.........###########......................mmwwm............mmmm...........................mwwm..........mw~wm..............mwmm..........#######....mwwmm...........mw~~~~~~~~~#
############........mwwmm.......###########...............##......mwwwm............mwwm...........................mwwm##.........mwwm...............mm...........######......mmm.............mw~~~~~~~~#
#############.......mwwwm......############..............####......mwmm............mwwm###....................###.mww####.........mmm...........................#######.......................mw~~~~~~~#
######################~wm..#################..##........#######...##########....###########.....####...###########.m###########...##########.............##....#########..##....##.............mw~~~~~##
########################################################################################################################################################################################################
